2026-06-08 08:36:05.690 CEST [4870] LOG:  starting PostgreSQL 18.0 (Postgres.app) on aarch64-apple-darwin23.6.0, compiled by Apple clang version 15.0.0 (clang-1500.3.9.4), 64-bit
2026-06-08 08:36:05.692 CEST [4870] LOG:  listening on IPv6 address "::1", port 5432
2026-06-08 08:36:05.692 CEST [4870] LOG:  listening on IPv4 address "127.0.0.1", port 5432
2026-06-08 08:36:05.693 CEST [4870] LOG:  listening on Unix socket "/tmp/.s.PGSQL.5432"
2026-06-08 08:36:05.698 CEST [4876] LOG:  database system was shut down at 2026-06-08 08:36:05 CEST
2026-06-08 08:36:05.701 CEST [4870] LOG:  database system is ready to accept connections
2026-06-08 08:37:26.856 CEST [6055] LOG:  invalid length of startup packet
2026-06-08 08:37:27.952 CEST [6056] LOG:  invalid length of startup packet
2026-06-08 08:37:27.953 CEST [6060] LOG:  invalid length of startup packet
2026-06-08 08:37:27.955 CEST [6061] LOG:  invalid length of startup packet
2026-06-08 08:37:32.976 CEST [6063] LOG:  invalid length of startup packet
2026-06-08 08:38:02.997 CEST [6064] LOG:  invalid length of startup packet
2026-06-08 08:38:03.001 CEST [6069] LOG:  invalid length of startup packet
2026-06-08 08:38:03.003 CEST [6072] LOG:  invalid length of startup packet
2026-06-08 08:39:03.029 CEST [6094] LOG:  invalid length of startup packet
2026-06-08 08:41:05.698 CEST [4874] LOG:  checkpoint starting: time
2026-06-08 08:42:47.709 CEST [4874] LOG:  checkpoint complete: wrote 1007 buffers (6.1%), wrote 3 SLRU buffers; 1 WAL file(s) added, 0 removed, 0 recycled; write=101.954 s, sync=0.016 s, total=102.011 s; sync files=319, longest=0.003 s, average=0.001 s; distance=4772 kB, estimate=4772 kB; lsn=0/1C302B8, redo lsn=0/1C30228
2026-06-08 08:43:17.180 CEST [6315] FATAL:  database "signage_db" does not exist
2026-06-08 08:43:17.197 CEST [6317] FATAL:  database "signage_db" does not exist
2026-06-08 08:43:17.224 CEST [6320] FATAL:  database "signage_db" does not exist
2026-06-08 08:43:17.239 CEST [6322] FATAL:  database "signage_db" does not exist
2026-06-08 08:43:17.496 CEST [6330] ERROR:  relation "_prisma_migrations" does not exist at character 126
2026-06-08 08:43:17.496 CEST [6330] STATEMENT:  SELECT "id", "checksum", "finished_at", "migration_name", "logs", "rolled_back_at", "started_at", "applied_steps_count" FROM "_prisma_migrations" ORDER BY "started_at" ASC
2026-06-08 08:43:17.657 CEST [4874] LOG:  checkpoint starting: immediate force wait
2026-06-08 08:43:17.698 CEST [4874] LOG:  checkpoint complete: wrote 964 buffers (5.9%), wrote 1 SLRU buffers; 0 WAL file(s) added, 0 removed, 1 recycled; write=0.028 s, sync=0.012 s, total=0.041 s; sync files=302, longest=0.001 s, average=0.001 s; distance=8882 kB, estimate=8882 kB; lsn=0/24DCB58, redo lsn=0/24DCB00
2026-06-08 08:43:17.896 CEST [4874] LOG:  checkpoint starting: immediate force wait
2026-06-08 08:43:17.899 CEST [4874] LOG:  checkpoint complete: wrote 4 buffers (0.0%), wrote 1 SLRU buffers; 0 WAL file(s) added, 0 removed, 0 recycled; write=0.002 s, sync=0.001 s, total=0.003 s; sync files=5, longest=0.001 s, average=0.001 s; distance=4450 kB, estimate=8439 kB; lsn=0/2935498, redo lsn=0/2935440
2026-06-08 08:44:03.060 CEST [6387] LOG:  invalid length of startup packet
2026-06-08 08:48:17.900 CEST [4874] LOG:  checkpoint starting: time
2026-06-08 08:48:23.311 CEST [4874] LOG:  checkpoint complete: wrote 53 buffers (0.3%), wrote 1 SLRU buffers; 0 WAL file(s) added, 0 removed, 0 recycled; write=5.405 s, sync=0.003 s, total=5.412 s; sync files=48, longest=0.001 s, average=0.001 s; distance=258 kB, estimate=7620 kB; lsn=0/2975D60, redo lsn=0/2975D08
2026-06-08 08:53:17.311 CEST [4874] LOG:  checkpoint starting: time
2026-06-08 08:53:17.826 CEST [4874] LOG:  checkpoint complete: wrote 5 buffers (0.0%), wrote 0 SLRU buffers; 0 WAL file(s) added, 0 removed, 0 recycled; write=0.508 s, sync=0.001 s, total=0.516 s; sync files=5, longest=0.001 s, average=0.001 s; distance=37 kB, estimate=6862 kB; lsn=0/297F180, redo lsn=0/297F128
2026-06-08 08:53:23.703 CEST [7084] ERROR:  syntax error at end of input at character 36
2026-06-08 08:53:23.703 CEST [7084] STATEMENT:  EXPLAIN (FORMAT JSON) select * from
2026-06-09 13:00:29.986 CEST [35958] ERROR:  syntax error at end of input at character 36
2026-06-09 13:00:29.986 CEST [35958] STATEMENT:  EXPLAIN (FORMAT JSON) select * from
2026-06-09 13:00:34.777 CEST [35961] ERROR:  relation "v" does not exist at character 37
2026-06-09 13:00:34.777 CEST [35961] STATEMENT:  EXPLAIN (FORMAT JSON) select * from V
2026-06-09 13:00:35.495 CEST [35959] ERROR:  relation "vi" does not exist at character 37
2026-06-09 13:00:35.495 CEST [35959] STATEMENT:  EXPLAIN (FORMAT JSON) select * from Vi
2026-06-09 13:01:05.443 CEST [4874] LOG:  checkpoint starting: time
2026-06-09 13:01:06.063 CEST [4874] LOG:  checkpoint complete: wrote 6 buffers (0.0%), wrote 1 SLRU buffers; 0 WAL file(s) added, 0 removed, 0 recycled; write=0.614 s, sync=0.001 s, total=0.621 s; sync files=5, longest=0.001 s, average=0.001 s; distance=21 kB, estimate=6178 kB; lsn=0/2984928, redo lsn=0/29848D0
2026-06-09 13:01:18.519 CEST [35960] ERROR:  syntax error at or near "from" at character 7
2026-06-09 13:01:18.519 CEST [35960] STATEMENT:  alter from "Video" where id=cmq6j27ov0000szly43tbl0v9
2026-06-09 13:01:37.330 CEST [35958] ERROR:  column "cmq6j27ov0000szly43tbl0v9" does not exist at character 52
2026-06-09 13:01:37.330 CEST [35958] STATEMENT:  EXPLAIN (FORMAT JSON) delete from "Video" where id=cmq6j27ov0000szly43tbl0v9
2026-06-09 13:01:38.720 CEST [35959] ERROR:  column "cmq6j27ov0000szly43tbl0v9" does not exist at character 30
2026-06-09 13:01:38.720 CEST [35959] STATEMENT:  delete from "Video" where id=cmq6j27ov0000szly43tbl0v9
2026-06-09 13:06:05.100 CEST [4874] LOG:  checkpoint starting: time
2026-06-09 13:06:05.315 CEST [4874] LOG:  checkpoint complete: wrote 2 buffers (0.0%), wrote 1 SLRU buffers; 0 WAL file(s) added, 0 removed, 0 recycled; write=0.206 s, sync=0.002 s, total=0.216 s; sync files=3, longest=0.001 s, average=0.001 s; distance=0 kB, estimate=5560 kB; lsn=0/2984BD8, redo lsn=0/2984B80
2026-06-09 13:26:49.751 CEST [4874] LOG:  checkpoint starting: immediate force wait
2026-06-09 13:26:49.754 CEST [4874] LOG:  checkpoint complete: wrote 3 buffers (0.0%), wrote 1 SLRU buffers; 0 WAL file(s) added, 0 removed, 0 recycled; write=0.002 s, sync=0.001 s, total=0.004 s; sync files=4, longest=0.001 s, average=0.001 s; distance=4479 kB, estimate=5452 kB; lsn=0/2DE4850, redo lsn=0/2DE47F8
2026-06-09 13:26:49.926 CEST [4874] LOG:  checkpoint starting: immediate force wait
2026-06-09 13:26:49.929 CEST [4874] LOG:  checkpoint complete: wrote 8 buffers (0.0%), wrote 1 SLRU buffers; 0 WAL file(s) added, 0 removed, 1 recycled; write=0.002 s, sync=0.001 s, total=0.003 s; sync files=6, longest=0.001 s, average=0.001 s; distance=4517 kB, estimate=5359 kB; lsn=0/324DE48, redo lsn=0/324DDF0
2026-06-09 13:31:49.921 CEST [4874] LOG:  checkpoint starting: time
2026-06-09 13:31:54.712 CEST [4874] LOG:  checkpoint complete: wrote 47 buffers (0.3%), wrote 1 SLRU buffers; 0 WAL file(s) added, 0 removed, 0 recycled; write=4.784 s, sync=0.004 s, total=4.794 s; sync files=43, longest=0.001 s, average=0.001 s; distance=212 kB, estimate=4844 kB; lsn=0/3283180, redo lsn=0/32830F0
2026-06-09 13:36:49.714 CEST [4874] LOG:  checkpoint starting: time
2026-06-09 13:36:50.234 CEST [4874] LOG:  checkpoint complete: wrote 5 buffers (0.0%), wrote 1 SLRU buffers; 0 WAL file(s) added, 0 removed, 0 recycled; write=0.508 s, sync=0.001 s, total=0.520 s; sync files=4, longest=0.001 s, average=0.001 s; distance=0 kB, estimate=4360 kB; lsn=0/3283530, redo lsn=0/32834D8
2026-06-09 13:46:49.237 CEST [4874] LOG:  checkpoint starting: time
2026-06-09 13:46:49.652 CEST [4874] LOG:  checkpoint complete: wrote 4 buffers (0.0%), wrote 1 SLRU buffers; 0 WAL file(s) added, 0 removed, 0 recycled; write=0.408 s, sync=0.002 s, total=0.417 s; sync files=4, longest=0.001 s, average=0.001 s; distance=1 kB, estimate=3924 kB; lsn=0/3283988, redo lsn=0/3283930
2026-06-09 13:56:49.656 CEST [4874] LOG:  checkpoint starting: time
2026-06-09 13:56:50.578 CEST [4874] LOG:  checkpoint complete: wrote 9 buffers (0.1%), wrote 1 SLRU buffers; 0 WAL file(s) added, 0 removed, 0 recycled; write=0.917 s, sync=0.002 s, total=0.924 s; sync files=8, longest=0.001 s, average=0.001 s; distance=2 kB, estimate=3531 kB; lsn=0/3284228, redo lsn=0/32841D0
2026-06-09 23:53:44.533 CEST [4870] LOG:  received smart shutdown request
2026-06-09 23:53:44.550 CEST [4870] LOG:  background worker "logical replication launcher" (PID 4879) exited with exit code 1
2026-06-09 23:53:44.550 CEST [4874] LOG:  shutting down
2026-06-09 23:53:44.553 CEST [4874] LOG:  checkpoint starting: shutdown immediate
2026-06-09 23:53:44.564 CEST [4874] LOG:  checkpoint complete: wrote 0 buffers (0.0%), wrote 0 SLRU buffers; 0 WAL file(s) added, 0 removed, 0 recycled; write=0.005 s, sync=0.001 s, total=0.013 s; sync files=0, longest=0.000 s, average=0.000 s; distance=0 kB, estimate=3178 kB; lsn=0/32842D8, redo lsn=0/32842D8
2026-06-09 23:53:44.594 CEST [4870] LOG:  database system is shut down
2026-07-24 09:21:44.588 CEST [85311] LOG:  starting PostgreSQL 18.0 (Postgres.app) on aarch64-apple-darwin23.6.0, compiled by Apple clang version 15.0.0 (clang-1500.3.9.4), 64-bit
2026-07-24 09:21:44.593 CEST [85311] LOG:  listening on IPv6 address "::1", port 5432
2026-07-24 09:21:44.593 CEST [85311] LOG:  listening on IPv4 address "127.0.0.1", port 5432
2026-07-24 09:21:44.593 CEST [85311] LOG:  listening on Unix socket "/tmp/.s.PGSQL.5432"
2026-07-24 09:21:44.600 CEST [85317] LOG:  database system was shut down at 2026-06-09 23:53:44 CEST
2026-07-24 09:21:44.605 CEST [85311] LOG:  database system is ready to accept connections
2026-07-24 09:22:18.285 CEST [85424] LOG:  invalid length of startup packet
2026-07-24 09:22:19.421 CEST [85425] LOG:  invalid length of startup packet
2026-07-24 09:22:19.423 CEST [85429] LOG:  invalid length of startup packet
2026-07-24 09:22:19.425 CEST [85430] LOG:  invalid length of startup packet
2026-07-24 09:26:44.605 CEST [85315] LOG:  checkpoint starting: time
2026-07-24 09:26:44.718 CEST [85315] LOG:  checkpoint complete: wrote 1 buffers (0.0%), wrote 3 SLRU buffers; 0 WAL file(s) added, 0 removed, 0 recycled; write=0.106 s, sync=0.001 s, total=0.115 s; sync files=3, longest=0.001 s, average=0.001 s; distance=7 kB, estimate=7 kB; lsn=0/3285F68, redo lsn=0/3285F10
2026-07-24 10:02:54.446 CEST [85311] LOG:  received smart shutdown request
2026-07-24 10:02:54.457 CEST [85311] LOG:  background worker "logical replication launcher" (PID 85320) exited with exit code 1
2026-07-24 10:02:54.459 CEST [85315] LOG:  shutting down
2026-07-24 10:02:54.461 CEST [85315] LOG:  checkpoint starting: shutdown immediate
2026-07-24 10:02:54.479 CEST [85315] LOG:  checkpoint complete: wrote 0 buffers (0.0%), wrote 0 SLRU buffers; 0 WAL file(s) added, 0 removed, 0 recycled; write=0.011 s, sync=0.001 s, total=0.020 s; sync files=0, longest=0.000 s, average=0.000 s; distance=0 kB, estimate=6 kB; lsn=0/3286030, redo lsn=0/3286030
2026-07-24 10:02:54.501 CEST [85311] LOG:  database system is shut down
2026-07-24 10:14:27.757 CEST [7428] LOG:  starting PostgreSQL 18.0 (Postgres.app) on aarch64-apple-darwin23.6.0, compiled by Apple clang version 15.0.0 (clang-1500.3.9.4), 64-bit
2026-07-24 10:14:27.764 CEST [7428] LOG:  listening on IPv4 address "127.0.0.1", port 5432
2026-07-24 10:14:27.764 CEST [7428] LOG:  listening on IPv6 address "::1", port 5432
2026-07-24 10:14:27.765 CEST [7428] LOG:  listening on Unix socket "/tmp/.s.PGSQL.5432"
2026-07-24 10:14:27.786 CEST [7434] LOG:  database system was shut down at 2026-07-24 10:02:54 CEST
2026-07-24 10:14:27.809 CEST [7428] LOG:  database system is ready to accept connections
2026-07-24 10:19:27.808 CEST [7432] LOG:  checkpoint starting: time
2026-07-24 10:19:27.981 CEST [7432] LOG:  checkpoint complete: wrote 0 buffers (0.0%), wrote 3 SLRU buffers; 0 WAL file(s) added, 0 removed, 0 recycled; write=0.137 s, sync=0.001 s, total=0.184 s; sync files=2, longest=0.001 s, average=0.001 s; distance=0 kB, estimate=0 kB; lsn=0/3286138, redo lsn=0/32860E0
2026-07-24 10:24:27.979 CEST [7432] LOG:  checkpoint starting: time
2026-07-24 10:24:28.698 CEST [7432] LOG:  checkpoint complete: wrote 7 buffers (0.0%), wrote 1 SLRU buffers; 0 WAL file(s) added, 0 removed, 0 recycled; write=0.714 s, sync=0.001 s, total=0.720 s; sync files=8, longest=0.001 s, average=0.001 s; distance=4 kB, estimate=4 kB; lsn=0/32871D8, redo lsn=0/3287180
2026-07-24 10:29:27.743 CEST [7432] LOG:  checkpoint starting: time
2026-07-24 10:29:27.746 CEST [7432] PANIC:  could not create file "pg_logical/replorigin_checkpoint.tmp": No space left on device
2026-07-24 10:29:27.748 CEST [7428] LOG:  checkpointer process (PID 7432) was terminated by signal 6: Abort trap: 6
2026-07-24 10:29:27.748 CEST [7428] LOG:  terminating any other active server processes
2026-07-24 10:29:27.754 CEST [7428] LOG:  all server processes terminated; reinitializing
2026-07-24 10:29:27.774 CEST [25642] LOG:  database system was interrupted; last known up at 2026-07-24 10:24:28 CEST
2026-07-24 10:29:27.881 CEST [25642] LOG:  database system was not properly shut down; automatic recovery in progress
2026-07-24 10:29:27.885 CEST [25642] LOG:  redo starts at 0/3287180
2026-07-24 10:29:27.886 CEST [25642] LOG:  invalid record length at 0/32881B0: expected at least 24, got 0
2026-07-24 10:29:27.886 CEST [25642] LOG:  redo done at 0/3288178 system usage: CPU: user: 0.00 s, system: 0.00 s, elapsed: 0.00 s
2026-07-24 10:29:27.888 CEST [25643] LOG:  checkpoint starting: end-of-recovery immediate wait
2026-07-24 10:29:27.888 CEST [25643] PANIC:  could not create file "pg_logical/replorigin_checkpoint.tmp": No space left on device
2026-07-24 10:29:27.888 CEST [7428] LOG:  checkpointer process (PID 25643) was terminated by signal 6: Abort trap: 6
2026-07-24 10:29:27.888 CEST [7428] LOG:  terminating any other active server processes
2026-07-24 10:29:27.889 CEST [7428] LOG:  all server processes terminated; reinitializing
2026-07-24 10:29:27.893 CEST [25648] LOG:  database system shutdown was interrupted; last known up at 2026-07-24 10:29:27 CEST
2026-07-24 10:29:27.942 CEST [25648] LOG:  database system was not properly shut down; automatic recovery in progress
2026-07-24 10:29:27.943 CEST [25648] LOG:  redo starts at 0/3287180
2026-07-24 10:29:27.943 CEST [25648] LOG:  invalid record length at 0/32881B0: expected at least 24, got 0
2026-07-24 10:29:27.943 CEST [25648] LOG:  redo done at 0/3288178 system usage: CPU: user: 0.00 s, system: 0.00 s, elapsed: 0.00 s
2026-07-24 10:29:27.944 CEST [25649] LOG:  checkpoint starting: end-of-recovery immediate wait
2026-07-24 10:29:27.945 CEST [25649] PANIC:  could not create file "pg_logical/replorigin_checkpoint.tmp": No space left on device
2026-07-24 10:29:27.945 CEST [7428] LOG:  checkpointer process (PID 25649) was terminated by signal 6: Abort trap: 6
2026-07-24 10:29:27.945 CEST [7428] LOG:  terminating any other active server processes
2026-07-24 10:29:27.946 CEST [7428] LOG:  all server processes terminated; reinitializing
2026-07-24 10:29:27.949 CEST [25654] LOG:  database system shutdown was interrupted; last known up at 2026-07-24 10:29:27 CEST
2026-07-24 10:29:27.998 CEST [25654] LOG:  database system was not properly shut down; automatic recovery in progress
2026-07-24 10:29:27.999 CEST [25654] LOG:  redo starts at 0/3287180
2026-07-24 10:29:27.999 CEST [25654] LOG:  invalid record length at 0/32881B0: expected at least 24, got 0
2026-07-24 10:29:27.999 CEST [25654] LOG:  redo done at 0/3288178 system usage: CPU: user: 0.00 s, system: 0.00 s, elapsed: 0.00 s
2026-07-24 10:29:28.001 CEST [25655] LOG:  checkpoint starting: end-of-recovery immediate wait
2026-07-24 10:29:28.001 CEST [25655] PANIC:  could not create file "pg_logical/replorigin_checkpoint.tmp": No space left on device
2026-07-24 10:29:28.001 CEST [7428] LOG:  checkpointer process (PID 25655) was terminated by signal 6: Abort trap: 6
2026-07-24 10:29:28.001 CEST [7428] LOG:  terminating any other active server processes
2026-07-24 10:29:28.002 CEST [7428] LOG:  all server processes terminated; reinitializing
2026-07-24 10:29:28.060 CEST [25660] LOG:  redo starts at 0/3287180
2026-07-24 10:29:30.156 CEST [25847] LOG:  database system was not properly shut down; automatic recovery in progress
2026-07-24 10:29:30.176 CEST [25847] LOG:  redo starts at 0/3287180
2026-07-24 10:29:30.177 CEST [25847] LOG:  invalid record length at 0/32881B0: expected at least 24, got 0
2026-07-24 10:29:30.177 CEST [25847] LOG:  redo done at 0/3288178 system usage: CPU: user: 0.00 s, system: 0.00 s, elapsed: 0.00 s
2026-07-24 10:29:30.180 CEST [25848] LOG:  checkpoint starting: end-of-recovery immediate wait
2026-07-24 10:29:30.181 CEST [25848] LOG:  checkpoint complete: wrote 2 buffers (0.0%), wrote 3 SLRU buffers; 0 WAL file(s) added, 0 removed, 0 recycled; write=0.001 s, sync=0.001 s, total=0.003 s; sync files=4, longest=0.001 s, average=0.001 s; distance=4 kB, estimate=4 kB; lsn=0/32881B0, redo lsn=0/32881B0
2026-07-24 10:29:30.189 CEST [7428] LOG:  database system is ready to accept connections
2026-07-24 10:34:30.185 CEST [25848] LOG:  checkpoint starting: time
2026-07-24 10:34:30.294 CEST [25848] LOG:  checkpoint complete: wrote 1 buffers (0.0%), wrote 1 SLRU buffers; 0 WAL file(s) added, 0 removed, 0 recycled; write=0.104 s, sync=0.001 s, total=0.110 s; sync files=2, longest=0.001 s, average=0.001 s; distance=8 kB, estimate=8 kB; lsn=0/328A3D0, redo lsn=0/328A378
2026-07-24 10:39:30.295 CEST [25848] LOG:  checkpoint starting: time
2026-07-24 10:39:30.401 CEST [25848] LOG:  checkpoint complete: wrote 1 buffers (0.0%), wrote 1 SLRU buffers; 0 WAL file(s) added, 0 removed, 0 recycled; write=0.103 s, sync=0.001 s, total=0.107 s; sync files=2, longest=0.001 s, average=0.001 s; distance=6 kB, estimate=8 kB; lsn=0/328BE30, redo lsn=0/328BDD8
2026-07-24 10:54:30.382 CEST [25848] LOG:  checkpoint starting: time
2026-07-24 10:54:30.493 CEST [25848] LOG:  checkpoint complete: wrote 1 buffers (0.0%), wrote 1 SLRU buffers; 0 WAL file(s) added, 0 removed, 0 recycled; write=0.107 s, sync=0.001 s, total=0.112 s; sync files=2, longest=0.001 s, average=0.001 s; distance=13 kB, estimate=13 kB; lsn=0/328F4D8, redo lsn=0/328F480
2026-07-24 10:59:30.492 CEST [25848] LOG:  checkpoint starting: time
2026-07-24 10:59:30.600 CEST [25848] LOG:  checkpoint complete: wrote 1 buffers (0.0%), wrote 1 SLRU buffers; 0 WAL file(s) added, 0 removed, 0 recycled; write=0.104 s, sync=0.001 s, total=0.108 s; sync files=2, longest=0.001 s, average=0.001 s; distance=9 kB, estimate=13 kB; lsn=0/3291988, redo lsn=0/3291930
2026-07-24 11:04:30.598 CEST [25848] LOG:  checkpoint starting: time
2026-07-24 11:04:30.707 CEST [25848] LOG:  checkpoint complete: wrote 1 buffers (0.0%), wrote 1 SLRU buffers; 0 WAL file(s) added, 0 removed, 0 recycled; write=0.102 s, sync=0.001 s, total=0.108 s; sync files=2, longest=0.001 s, average=0.001 s; distance=2 kB, estimate=12 kB; lsn=0/3292518, redo lsn=0/32924C0
2026-07-24 11:09:30.706 CEST [25848] LOG:  checkpoint starting: time
2026-07-24 11:09:30.816 CEST [25848] LOG:  checkpoint complete: wrote 1 buffers (0.0%), wrote 1 SLRU buffers; 0 WAL file(s) added, 0 removed, 0 recycled; write=0.102 s, sync=0.001 s, total=0.110 s; sync files=2, longest=0.001 s, average=0.001 s; distance=4 kB, estimate=11 kB; lsn=0/3293598, redo lsn=0/3293540
